[    0.000000] Linux version 4.15.0-212-generic (buildd@lcy02-amd64-083) (gcc version 7.5.0 (Ubuntu 7.5.0-3ubuntu1~18.04)) #223-Ubuntu SMP Tue May 23 13:09:22 UTC 2023 (Ubuntu 4.15.0-212.223-generic 4.15.18)
[    0.000000] Command line: BOOT_IMAGE=/boot/vmlinuz-4.15.0-212-generic root=LABEL=cloudimg-rootfs ro console=tty1 console=ttyS0
[    0.000000] KERNEL supported cpus:
[    0.000000]   Intel GenuineIntel
[    0.000000]   AMD AuthenticAMD
[    0.000000]   Centaur CentaurHauls
[    0.000000] x86/fpu: x87 FPU will use FXSAVE
[    0.000000] e820: BIOS-provided physical RAM map:
[    0.000000] BIOS-e820: [mem 0x0000000000000000-0x000000000009fbff] usable
[    0.000000] BIOS-e820: [mem 0x000000000009fc00-0x000000000009ffff] reserved
[    0.000000] BIOS-e820: [mem 0x00000000000f0000-0x00000000000fffff] reserved
[    0.000000] BIOS-e820: [mem 0x0000000000100000-0x000000003ffeffff] usable
[    0.000000] BIOS-e820: [mem 0x000000003fff0000-0x000000003fffffff] ACPI data
[    0.000000] BIOS-e820: [mem 0x00000000fec00000-0x00000000fec00fff] reserved
[    0.000000] BIOS-e820: [mem 0x00000000fee00000-0x00000000fee00fff] reserved
[    0.000000] BIOS-e820: [mem 0x00000000fffc0000-0x00000000ffffffff] reserved
[    0.000000] NX (Execute Disable) protection: active
[    0.000000] SMBIOS 2.5 present.
[    0.000000] DMI: innotek GmbH VirtualBox/VirtualBox, BIOS VirtualBox 12/01/2006
[    0.000000] Hypervisor detected: KVM
[    0.000000] e820: last_pfn = 0x3fff0 max_arch_pfn = 0x400000000
[    0.000000] MTRR: Disabled
[    0.000000] x86/PAT: MTRRs disabled, skipping PAT initialization too.
[    0.000000] CPU MTRRs all blank - virtualized system.
[    0.000000] x86/PAT: Configuration [0-7]: WB  WT  UC- UC  WB  WT  UC- UC  
[    0.000000] found SMP MP-table at [mem 0x0009fff0-0x0009ffff]
[    0.000000] Scanning 1 areas for low memory corruption
[    0.000000] RAMDISK: [mem 0x359cb000-0x36cdcfff]
[    0.000000] ACPI: Early table checksum verification disabled
[    0.000000] ACPI: RSDP 0x00000000000E0000 000024 (v02 VBOX  )
[    0.000000] ACPI: XSDT 0x000000003FFF0030 00003C (v01 VBOX   VBOXXSDT 00000001 ASL  00000061)
[    0.000000] ACPI: FACP 0x000000003FFF00F0 0000F4 (v04 VBOX   VBOXFACP 00000001 ASL  00000061)
[    0.000000] ACPI: DSDT 0x000000003FFF0610 002353 (v02 VBOX   VBOXBIOS 00000002 INTL 20100528)
[    0.000000] ACPI: FACS 0x000000003FFF0200 000040
[    0.000000] ACPI: FACS 0x000000003FFF0200 000040
[    0.000000] ACPI: APIC 0x000000003FFF0240 00005C (v02 VBOX   VBOXAPIC 00000001 ASL  00000061)
[    0.000000] ACPI: SSDT 0x000000003FFF02A0 00036C (v01 VBOX   VBOXCPUT 00000002 INTL 20100528)
[    0.000000] ACPI: Reserving FACP table memory at [mem 0x3fff00f0-0x3fff01e3]
[    0.000000] ACPI: Reserving DSDT table memory at [mem 0x3fff0610-0x3fff2962]
[    0.000000] ACPI: Reserving FACS table memory at [mem 0x3fff0200-0x3fff023f]
[    0.000000] ACPI: Reserving FACS table memory at [mem 0x3fff0200-0x3fff023f]
[    0.000000] ACPI: Reserving APIC table memory at [mem 0x3fff0240-0x3fff029b]
[    0.000000] ACPI: Reserving SSDT table memory at [mem 0x3fff02a0-0x3fff060b]
[    0.000000] No NUMA configuration found
[    0.000000] Faking a node at [mem 0x0000000000000000-0x000000003ffeffff]
[    0.000000] NODE_DATA(0) allocated [mem 0x3ffc5000-0x3ffeffff]
[    0.000000] kvm-clock: cpu 0, msr 0:3ff44001, primary cpu clock
[    0.000000] kvm-clock: Using msrs 4b564d01 and 4b564d00
[    0.000000] kvm-clock: using sched offset of 4745243958 cycles
[    0.000000] clocksource: kvm-clock: mask: 0xffffffffffffffff max_cycles: 0x1cd42e4dffb, max_idle_ns: 881590591483 ns
[    0.000000] Zone ranges:
[    0.000000]   DMA      [mem 0x0000000000001000-0x0000000000ffffff]
[    0.000000]   DMA32    [mem 0x0000000001000000-0x000000003ffeffff]
[    0.000000]   Normal   empty
[    0.000000]   Device   empty
[    0.000000] Movable zone start for each node
[    0.000000] Early memory node ranges
[    0.000000]   node   0: [mem 0x0000000000001000-0x000000000009efff]
[    0.000000]   node   0: [mem 0x0000000000100000-0x000000003ffeffff]
[    0.000000] Reserved but unavailable: 104 pages
[    0.000000] Initmem setup node 0 [mem 0x0000000000001000-0x000000003ffeffff]
[    0.000000] ACPI: PM-Timer IO Port: 0x4008
[    0.000000] IOAPIC[0]: apic_id 2, version 32, address 0xfec00000, GSI 0-23
[    0.000000] ACPI: INT_SRC_OVR (bus 0 bus_irq 0 global_irq 2 dfl dfl)
[    0.000000] ACPI: INT_SRC_OVR (bus 0 bus_irq 9 global_irq 9 low level)
[    0.000000] Using ACPI (MADT) for SMP configuration information
[    0.000000] smpboot: Allowing 2 CPUs, 0 hotplug CPUs
[    0.000000] PM: Registered nosave memory: [mem 0x00000000-0x00000fff]
[    0.000000] PM: Registered nosave memory: [mem 0x0009f000-0x0009ffff]
[    0.000000] PM: Registered nosave memory: [mem 0x000a0000-0x000effff]
[    0.000000] PM: Registered nosave memory: [mem 0x000f0000-0x000fffff]
[    0.000000] e820: [mem 0x40000000-0xfebfffff] available for PCI devices
[    0.000000] Booting paravirtualized kernel on KVM
[    0.000000] clocksource: refined-jiffies: mask: 0xffffffff max_cycles: 0xffffffff, max_idle_ns: 7645519600211568 ns
[    0.000000] setup_percpu: NR_CPUS:8192 nr_cpumask_bits:2 nr_cpu_ids:2 nr_node_ids:1
[    0.000000] percpu: Embedded 50 pages/cpu s167936 r8192 d28672 u1048576
[    0.000000] PV qspinlock hash table entries: 256 (order: 0, 4096 bytes)
[    0.000000] Built 1 zonelists, mobility grouping on.  Total pages: 257913
[    0.000000] Policy zone: DMA32
[    0.000000] Kernel command line: BOOT_IMAGE=/boot/vmlinuz-4.15.0-212-generic root=LABEL=cloudimg-rootfs ro console=tty1 console=ttyS0
[    0.000000] Memory: 982644K/1048120K available (12300K kernel code, 2477K rwdata, 4324K rodata, 2480K init, 2720K bss, 65476K reserved, 0K cma-reserved)
[    0.000000] SLUB: HWalign=64, Order=0-3, MinObjects=0, CPUs=2, Nodes=1
[    0.000000] ftrace: allocating 39508 entries in 155 pages
[    0.004000] Hierarchical RCU implementation.
[    0.004000] 	RCU restricting CPUs from NR_CPUS=8192 to nr_cpu_ids=2.
[    0.004000] 	Tasks RCU enabled.
[    0.004000] RCU: Adjusting geometry for rcu_fanout_leaf=16, nr_cpu_ids=2
[    0.004000] NR_IRQS: 524544, nr_irqs: 440, preallocated irqs: 16
[    0.004000] random: crng init done
[    0.004000] Console: colour VGA+ 80x25
[    0.004000] console [tty1] enabled
[    0.004000] console [ttyS0] enabled
[    0.004000] ACPI: Core revision 20170831
[    0.004000] ACPI: 2 ACPI AML tables successfully acquired and loaded
[    0.004000] APIC: Switch to symmetric I/O mode setup
[    0.004000] ..TIMER: vector=0x30 apic1=0 pin1=2 apic2=-1 pin2=-1
[    0.004013] tsc: Detected 2419.200 MHz processor
[    0.008025] Calibrating delay loop (skipped) preset value.. 4838.40 BogoMIPS (lpj=9676800)
[    0.012016] pid_max: default: 32768 minimum: 301
[    0.016199] Security Framework initialized
[    0.020015] Yama: becoming mindful.
[    0.024267] AppArmor: AppArmor initialized
[    0.038469] Dentry cache hash table entries: 131072 (order: 8, 1048576 bytes)
[    0.046081] Inode-cache hash table entries: 65536 (order: 7, 524288 bytes)
[    0.052110] Mount-cache hash table entries: 2048 (order: 2, 16384 bytes)
[    0.056150] Mountpoint-cache hash table entries: 2048 (order: 2, 16384 bytes)
[    0.066649] Last level iTLB entries: 4KB 0, 2MB 0, 4MB 0
[    0.072008] Last level dTLB entries: 4KB 0, 2MB 0, 4MB 0, 1GB 0
[    0.076010] Spectre V1 : Mitigation: usercopy/swapgs barriers and __user pointer sanitization
[    0.080011] Spectre V2 : Mitigation: Enhanced IBRS
[    0.084006] Spectre V2 : Spectre v2 / SpectreRSB mitigation: Filling RSB on context switch
[    0.088009] Spectre V2 : Spectre v2 / PBRSB-eIBRS: Retire a single CALL on VMEXIT
[    0.092010] RETBleed: Mitigation: Enhanced IBRS
[    0.096010] Speculative Store Bypass: Vulnerable
[    0.104302] Freeing SMP alternatives memory: 36K
[    0.232925] APIC calibration not consistent with PM-Timer: 101ms instead of 100ms
[    0.236000] APIC delta adjusted to PM-Timer: 6371386 (6477987)
[    0.236694] smpboot: CPU0: 11th Gen Intel(R) Core(TM) i5-1135G7 @ 2.40GHz (family: 0x6, model: 0x8c, stepping: 0x1)
[    0.240747] Performance Events: unsupported p6 CPU model 140 no PMU driver, software events only.
[    0.244201] Hierarchical SRCU implementation.
[    0.252599] NMI watchdog: Perf event create on CPU 0 failed with -2
[    0.256008] NMI watchdog: Perf NMI watchdog permanently disabled
[    0.264445] smp: Bringing up secondary CPUs ...
[    0.269564] x86: Booting SMP configuration:
[    0.272008] .... node  #0, CPUs:      #1
[    0.004000] kvm-clock: cpu 1, msr 0:3ff44041, secondary cpu clock
[    0.290924] TSC synchronization [CPU#0 -> CPU#1]:
[    0.292000] Measured 126530 cycles TSC warp between CPUs, turning off TSC clock.
[    0.292000] tsc: Marking TSC unstable due to check_tsc_sync_source failed
[    0.296535] smp: Brought up 1 node, 2 CPUs
[    0.300009] smpboot: Max logical packages: 1
[    0.304010] smpboot: Total of 2 processors activated (9676.80 BogoMIPS)
[    0.308873] devtmpfs: initialized
[    0.312209] x86/mm: Memory block size: 128MB
[    0.316784] evm: security.selinux
[    0.320005] evm: security.SMACK64
[    0.324003] evm: security.SMACK64EXEC
[    0.326633] evm: security.SMACK64TRANSMUTE
[    0.328003] evm: security.SMACK64MMAP
[    0.332003] evm: security.apparmor
[    0.340010] evm: security.ima
[    0.342943] evm: security.capability
[    0.344524] clocksource: jiffies: mask: 0xffffffff max_cycles: 0xffffffff, max_idle_ns: 7645041785100000 ns
[    0.348012] futex hash table entries: 512 (order: 3, 32768 bytes)
[    0.352172] pinctrl core: initialized pinctrl subsystem
[    0.360230] RTC time:  6:53:03, date: 07/22/23
[    0.369149] NET: Registered protocol family 16
[    0.372114] audit: initializing netlink subsys (disabled)
[    0.376170] audit: type=2000 audit(1690008788.683:1): state=initialized audit_enabled=0 res=1
[    0.392018] cpuidle: using governor ladder
[    0.396014] cpuidle: using governor menu
[    0.400165] ACPI: bus type PCI registered
[    0.404005] acpiphp: ACPI Hot Plug PCI Controller Driver version: 0.5
[    0.408548] PCI: Using configuration type 1 for base access
[    0.416678] HugeTLB registered 2.00 MiB page size, pre-allocated 0 pages
[    0.428181] ACPI: Added _OSI(Module Device)
[    0.432004] ACPI: Added _OSI(Processor Device)
[    0.436004] ACPI: Added _OSI(3.0 _SCP Extensions)
[    0.440004] ACPI: Added _OSI(Processor Aggregator Device)
[    0.444004] ACPI: Added _OSI(Linux-Dell-Video)
[    0.448010] ACPI: Added _OSI(Linux-Lenovo-NV-HDMI-Audio)
[    0.452016] ACPI: Added _OSI(Linux-HPI-Hybrid-Graphics)
[    0.460373] ACPI: Executed 1 blocks of module-level executable AML code
[    0.476086] ACPI: Interpreter enabled
[    0.480037] ACPI: (supports S0 S5)
[    0.484008] ACPI: Using IOAPIC for interrupt routing
[    0.488767] PCI: Using host bridge windows from ACPI; if necessary, use "pci=nocrs" and report a bug
[    0.492522] ACPI: Enabled 2 GPEs in block 00 to 07
[    0.517777] ACPI: PCI Root Bridge [PCI0] (domain 0000 [bus 00-ff])
[    0.520026] acpi PNP0A03:00: _OSC: OS supports [ASPM ClockPM Segments MSI]
[    0.525662] acpi PNP0A03:00: _OSC: not requesting OS control; OS requires [ExtendedConfig ASPM ClockPM MSI]
[    0.528042] acpi PNP0A03:00: fail to add MMCONFIG information, can't access extended PCI configuration space under this bridge.
[    0.533652] PCI host bridge to bus 0000:00
[    0.536016] pci_bus 0000:00: root bus resource [io  0x0000-0x0cf7 window]
[    0.540014] pci_bus 0000:00: root bus resource [io  0x0d00-0xffff window]
[    0.544015] pci_bus 0000:00: root bus resource [mem 0x000a0000-0x000bffff window]
[    0.548010] pci_bus 0000:00: root bus resource [mem 0x40000000-0xfdffffff window]
[    0.552016] pci_bus 0000:00: root bus resource [bus 00-ff]
[    0.571348] pci 0000:00:01.1: legacy IDE quirk: reg 0x10: [io  0x01f0-0x01f7]
[    0.572013] pci 0000:00:01.1: legacy IDE quirk: reg 0x14: [io  0x03f6]
[    0.576013] pci 0000:00:01.1: legacy IDE quirk: reg 0x18: [io  0x0170-0x0177]
[    0.580011] pci 0000:00:01.1: legacy IDE quirk: reg 0x1c: [io  0x0376]
[    0.632000] pci 0000:00:07.0: quirk: [io  0x4000-0x403f] claimed by PIIX4 ACPI
[    0.632073] pci 0000:00:07.0: quirk: [io  0x4100-0x410f] claimed by PIIX4 SMB
[    0.663323] ACPI: PCI Interrupt Link [LNKA] (IRQs 5 9 10 *11)
[    0.665183] ACPI: PCI Interrupt Link [LNKB] (IRQs 5 9 *10 11)
[    0.668477] ACPI: PCI Interrupt Link [LNKC] (IRQs 5 *9 10 11)
[    0.672572] ACPI: PCI Interrupt Link [LNKD] (IRQs 5 9 10 *11)
[    0.681603] SCSI subsystem initialized
[    0.688099] pci 0000:00:02.0: vgaarb: setting as boot VGA device
[    0.692000] pci 0000:00:02.0: vgaarb: VGA device added: decodes=io+mem,owns=io+mem,locks=none
[    0.692021] pci 0000:00:02.0: vgaarb: bridge control possible
[    0.696010] vgaarb: loaded
[    0.700365] ACPI: bus type USB registered
[    0.704047] usbcore: registered new interface driver usbfs
[    0.708090] usbcore: registered new interface driver hub
[    0.712037] usbcore: registered new device driver usb
[    0.720387] EDAC MC: Ver: 3.0.0
[    0.732444] PCI: Using ACPI for IRQ routing
[    0.737652] NetLabel: Initializing
[    0.740020] NetLabel:  domain hash size = 128
[    0.744008] NetLabel:  protocols = UNLABELED CIPSOv4 CALIPSO
[    0.748049] NetLabel:  unlabeled traffic allowed by default
[    0.756013] clocksource: Switched to clocksource kvm-clock
[    0.782346] VFS: Disk quotas dquot_6.6.0
[    0.782346] VFS: Dquot-cache hash table entries: 512 (order 0, 4096 bytes)
[    0.782346] AppArmor: AppArmor Filesystem Enabled
[    0.782346] pnp: PnP ACPI init
[    0.782346] pnp: PnP ACPI: found 3 devices
[    0.928834] clocksource: acpi_pm: mask: 0xffffff max_cycles: 0xffffff, max_idle_ns: 2085701024 ns
[    0.932759] NET: Registered protocol family 2
[    0.932759] IP idents hash table entries: 16384 (order: 5, 131072 bytes)
[    0.960128] TCP established hash table entries: 8192 (order: 4, 65536 bytes)
[    0.971942] TCP bind hash table entries: 8192 (order: 5, 131072 bytes)
[    0.975567] TCP: Hash tables configured (established 8192 bind 8192)
[    0.975567] UDP hash table entries: 512 (order: 2, 16384 bytes)
[    0.975567] UDP-Lite hash table entries: 512 (order: 2, 16384 bytes)
[    0.975567] NET: Registered protocol family 1
[    0.975567] pci 0000:00:00.0: Limiting direct PCI/PCI transfers
[    0.975567] pci 0000:00:01.0: Activating ISA DMA hang workarounds
[    0.975567] pci 0000:00:02.0: Video device with shadowed ROM at [mem 0x000c0000-0x000dffff]
[    0.975567] Unpacking initramfs...
[    1.585002] Freeing initrd memory: 19528K
[    1.585002] clocksource: tsc: mask: 0xffffffffffffffff max_cycles: 0x22df1149949, max_idle_ns: 440795312789 ns
[    1.585002] platform rtc_cmos: registered platform RTC device (no PNP device found)
[    1.704389] Scanning for low memory corruption every 60 seconds
[    1.717388] Initialise system trusted keyrings
[    1.721876] Key type blacklist registered
[    1.728221] workingset: timestamp_bits=36 max_order=18 bucket_order=0
[    1.737433] zbud: loaded
[    1.741785] squashfs: version 4.0 (2009/01/31) Phillip Lougher
[    1.751017] fuse init (API version 7.26)
[    1.786238] Key type asymmetric registered
[    1.791501] Asymmetric key parser 'x509' registered
[    1.797754] Block layer SCSI generic (bsg) driver version 0.4 loaded (major 246)
[    1.810560] io scheduler noop registered
[    1.815194] io scheduler deadline registered
[    1.819186] io scheduler cfq registered (default)
[    1.829650] ACPI: AC Adapter [AC] (off-line)
[    1.833931] input: Power Button as /devices/LNXSYSTM:00/LNXPWRBN:00/input/input0
[    1.840296] ACPI: Power Button [PWRF]
[    1.843696] input: Sleep Button as /devices/LNXSYSTM:00/LNXSLPBN:00/input/input1
[    1.851091] ACPI: Sleep Button [SLPF]
[    1.857224] Serial: 8250/16550 driver, 32 ports, IRQ sharing enabled
[    1.859182] ACPI: Battery Slot [BAT0] (battery present)
[    1.908377] 00:02: ttyS0 at I/O 0x3f8 (irq = 4, base_baud = 115200) is a 16550A
[    1.924517] Linux agpgart interface v0.103
[    1.940257] loop: module loaded
[    1.954129] scsi host0: ata_piix
[    1.965217] scsi host1: ata_piix
[    1.972053] ata1: PATA max UDMA/33 cmd 0x1f0 ctl 0x3f6 bmdma 0xd000 irq 14
[    1.985242] ata2: PATA max UDMA/33 cmd 0x170 ctl 0x376 bmdma 0xd008 irq 15
[    1.993192] tun: Universal TUN/TAP device driver, 1.6
[    2.001359] PPP generic driver version 2.4.2
[    2.012097] ehci_hcd: USB 2.0 'Enhanced' Host Controller (EHCI) Driver
[    2.022042] ehci-pci: EHCI PCI platform driver
[    2.030749] ehci-platform: EHCI generic platform driver
[    2.034558] ohci_hcd: USB 1.1 'Open' Host Controller (OHCI) Driver
[    2.034558] ohci-pci: OHCI PCI platform driver
[    2.034558] ohci-platform: OHCI generic platform driver
[    2.034558] uhci_hcd: USB Universal Host Controller Interface driver
[    2.034558] i8042: PNP: PS/2 Controller [PNP0303:PS2K,PNP0f03:PS2M] at 0x60,0x64 irq 1,12
[    2.034558] serio: i8042 KBD port at 0x60,0x64 irq 1
[    2.034558] serio: i8042 AUX port at 0x60,0x64 irq 12
[    2.121864] mousedev: PS/2 mouse device common for all mice
[    2.135196] rtc_cmos rtc_cmos: rtc core: registered rtc_cmos as rtc0
[    2.146617] rtc_cmos rtc_cmos: alarms up to one day, 114 bytes nvram
[    2.159281] i2c /dev entries driver
[    2.165082] device-mapper: uevent: version 1.0.3
[    2.201866] input: AT Translated Set 2 keyboard as /devices/platform/i8042/serio0/input/input2
[    2.219158] device-mapper: ioctl: 4.37.0-ioctl (2017-09-20) initialised: dm-devel@redhat.com
[    2.242173] ledtrig-cpu: registered to indicate activity on CPUs
[    2.253925] NET: Registered protocol family 10
[    2.281165] Segment Routing with IPv6
[    2.287877] NET: Registered protocol family 17
[    2.294641] Key type dns_resolver registered
[    2.303065] mce: Using 0 MCE banks
[    2.308997] RAS: Correctable Errors collector initialized.
[    2.316312] sched_clock: Marking stable (2316241773, 0)->(4045763302, -1729521529)
[    2.337387] registered taskstats version 1
[    2.347156] Loading compiled-in X.509 certificates
[    2.369073] Loaded X.509 cert 'Build time autogenerated kernel key: b5b26778eaa3ab3a4a6cee031137706e947d12ad'
[    2.390413] Loaded X.509 cert 'Canonical Ltd. Live Patch Signing: 14df34d1a87cf37625abec039ef2bf521249b969'
[    2.410603] Loaded X.509 cert 'Canonical Ltd. Kernel Module Signing: 88f752e560a1e0737e31163a466ad7b70a850c19'
[    2.430509] blacklist: Loading compiled-in revocation X.509 certificates
[    2.443952] Loaded X.509 cert 'Canonical Ltd. Secure Boot Signing: 61482aa2830d0ab2ad5af10b7250da9033ddcef0'
[    2.457489] Loaded X.509 cert 'Canonical Ltd. Secure Boot Signing (2017): 242ade75ac4a15e50d50c84b0d45ff3eae707a03'
[    2.472962] Loaded X.509 cert 'Canonical Ltd. Secure Boot Signing (ESM 2018): 365188c1d374d6b07c3c8f240f8ef722433d6a8b'
[    2.488706] Loaded X.509 cert 'Canonical Ltd. Secure Boot Signing (2019): c0746fd6c5da3ae827864651ad66ae47fe24b3e8'
[    2.499372] Loaded X.509 cert 'Canonical Ltd. Secure Boot Signing (2021 v1): a8d54bbb3825cfb94fa13c9f8a594a195c107b8d'
[    2.513830] Loaded X.509 cert 'Canonical Ltd. Secure Boot Signing (2021 v2): 4cf046892d6fd3c9a5b03f98d845f90851dc6a8c'
[    2.532725] Loaded X.509 cert 'Canonical Ltd. Secure Boot Signing (2021 v3): 100437bb6de6e469b581e61cd66bce3ef4ed53af'
[    2.550006] Loaded X.509 cert 'Canonical Ltd. Secure Boot Signing (Ubuntu Core 2019): c1d57b8f6b743f23ee41f4f7ee292f06eecadfb9'
[    2.569123] zswap: loaded using pool lzo/zbud
[    2.594688] Key type big_key registered
[    2.602704] Key type trusted registered
[    2.618078] Key type encrypted registered
[    2.624753] AppArmor: AppArmor sha1 policy hashing enabled
[    2.631179] ima: No TPM chip found, activating TPM-bypass! (rc=-19)
[    2.640430] ima: Allocated hash algorithm: sha1
[    2.648904] evm: HMAC attrs: 0x1
[    2.657129]   Magic number: 15:632:873
[    2.662980] rtc_cmos rtc_cmos: setting system clock to 2023-07-22 06:53:06 UTC (1690008786)
[    2.674979] BIOS EDD facility v0.16 2004-Jun-25, 0 devices found
[    2.684281] EDD information not available.
[    2.698850] Freeing unused kernel image memory: 2480K
[    2.732346] Write protecting the kernel read-only data: 20480k
[    2.747540] Freeing unused kernel image memory: 2008K
[    2.760517] Freeing unused kernel image memory: 1820K
[    2.781019] x86/mm: Checked W+X mappings: passed, no W+X pages found.
Loading, please wait...
starting version 237
[    2.938586] e1000: Intel(R) PRO/1000 Network Driver - version 7.3.21-k8-NAPI
[    2.949416] e1000: Copyright (c) 1999-2006 Intel Corporation.
[    2.961174] Fusion MPT base driver 3.04.20
[    2.972039] Copyright (c) 1999-2008 LSI Corporation
[    3.077441] Fusion MPT SPI Host driver 3.04.20
[    3.120543] SSE version of gcm_enc/dec engaged.
[    3.336723] input: ImExPS/2 Generic Explorer Mouse as /devices/platform/i8042/serio1/input/input4
[    4.243389] e1000 0000:00:03.0 eth0: (PCI:33MHz:32-bit) 02:3b:7b:b7:3b:2d
[    4.260402] e1000 0000:00:03.0 eth0: Intel(R) PRO/1000 Network Connection
[    4.280064] mptbase: ioc0: Initiating bringup
[    4.411254] ioc0: LSI53C1030 A0: Capabilities={Initiator}
[    4.708429] scsi host2: ioc0: LSI53C1030 A0, FwRev=00000000h, Ports=1, MaxQ=256, IRQ=20
[    4.895858] scsi 2:0:0:0: Direct-Access     VBOX     HARDDISK         1.0  PQ: 0 ANSI: 5
[    4.948569] scsi target2:0:0: Beginning Domain Validation
[    5.005983] scsi target2:0:0: Domain Validation skipping write tests
[    5.022906] scsi target2:0:0: Ending Domain Validation
[    5.035424] scsi target2:0:0: asynchronous
[    5.059925] scsi 2:0:1:0: Direct-Access     VBOX     HARDDISK         1.0  PQ: 0 ANSI: 5
[    5.440673] scsi target2:0:1: Beginning Domain Validation
[    5.475306] scsi target2:0:1: Domain Validation skipping write tests
[    5.488875] scsi target2:0:1: Ending Domain Validation
[    5.500830] scsi target2:0:1: asynchronous
[    5.547554] sd 2:0:0:0: Attached scsi generic sg0 type 0
[    5.555707] sd 2:0:0:0: [sda] 83886080 512-byte logical blocks: (42.9 GB/40.0 GiB)
[    5.562211] sd 2:0:1:0: Attached scsi generic sg1 type 0
[    5.586395] sd 2:0:0:0: [sda] Write Protect is off
[    5.593516] sd 2:0:1:0: [sdb] 20480 512-byte logical blocks: (10.5 MB/10.0 MiB)
[    5.604997] sd 2:0:0:0: [sda] Incomplete mode parameter data
[    5.616718] sd 2:0:0:0: [sda] Assuming drive cache: write through
[    5.627592] sd 2:0:1:0: [sdb] Write Protect is off
[    5.641591] sd 2:0:1:0: [sdb] Incomplete mode parameter data
[    5.650792] sd 2:0:1:0: [sdb] Assuming drive cache: write through
[    5.677808]  sda: sda1
[    5.689657] sd 2:0:0:0: [sda] Attached SCSI disk
[    5.707987] sd 2:0:1:0: [sdb] Attached SCSI disk
[    6.057116] e1000 0000:00:08.0 eth1: (PCI:33MHz:32-bit) 08:00:27:a0:81:42
[    6.072940] e1000 0000:00:08.0 eth1: Intel(R) PRO/1000 Network Connection
[    6.094282] e1000 0000:00:08.0 enp0s8: renamed from eth1
[    6.114162] e1000 0000:00:03.0 enp0s3: renamed from eth0
Begin: Loading essential drivers ... [    9.080108] raid6: sse2x1   gen()  7218 MB/s
[    9.128428] raid6: sse2x1   xor()  5034 MB/s
[    9.180381] raid6: sse2x2   gen()  8907 MB/s
[    9.232895] raid6: sse2x2   xor()  6779 MB/s
[    9.288515] raid6: sse2x4   gen() 11038 MB/s
[    9.340312] raid6: sse2x4   xor()  6685 MB/s
[    9.347046] raid6: using algorithm sse2x4 gen() 11038 MB/s
[    9.353351] raid6: .... xor() 6685 MB/s, rmw enabled
[    9.359699] raid6: using ssse3x2 recovery algorithm
[    9.371280] xor: measuring software checksum speed
[    9.416679]    prefetch64-sse: 15288.000 MB/sec
[    9.464423]    generic_sse:  7652.000 MB/sec
[    9.471947] xor: using function: prefetch64-sse (15288.000 MB/sec)
[    9.487173] async_tx: api initialized (async)
done.
Begin: Running /scripts/init-premount ... done.
Begin: Mounting root file system ... Begin: Running /scripts/local-top ... done.
Begin: Running /scripts/local-premount ... [    9.645279] Btrfs loaded, crc32c=crc32c-intel
Scanning for Btrfs filesystems
done.
Warning: fsck not present, so skipping root file system
[    9.707957] EXT4-fs (sda1): mounted filesystem with ordered data mode. Opts: (null)
done.
Begin: Running /scripts/local-bottom ... done.
Begin: Running /scripts/init-bottom ... done.
[   10.176542] ip_tables: (C) 2000-2006 Netfilter Core Team
[   10.200671] systemd[1]: systemd 237 running in system mode. (+PAM +AUDIT +SELINUX +IMA +APPARMOR +SMACK +SYSVINIT +UTMP +LIBCRYPTSETUP +GCRYPT +GNUTLS +ACL +XZ +LZ4 +SECCOMP +BLKID +ELFUTILS +KMOD -IDN2 +IDN -PCRE2 default-hierarchy=hybrid)
[   10.233634] systemd[1]: Detected virtualization oracle.
[   10.239158] systemd[1]: Detected architecture x86-64.

Welcome to [1mUbuntu 18.04.6 LTS[0m!

[   10.295513] systemd[1]: Set hostname to <ubuntu>.
[   10.305086] systemd[1]: Initializing machine ID from random generator.
[   10.312002] systemd[1]: Installed transient /etc/machine-id file.
[   10.996067] systemd[1]: Started Forward Password Requests to Wall Directory Watch.
[[0;32m  OK  [0m] Started Forward Password Requests to Wall Directory Watch.
[   11.024043] systemd[1]: Reached target Swap.
[[0;32m  OK  [0m] Reached target Swap.
[   11.071117] systemd[1]: Created slice User and Session Slice.
[[0;32m  OK  [0m] Created slice User and Session Slice.
[   11.092033] systemd[1]: Reached target System Time Synchronized.
[[0;32m  OK  [0m] Reached target System Time Synchronized.
[[0;32m  OK  [0m] Reached target Mounting snaps.
[[0;32m  OK  [0m] Reached target Mounted snaps.
[[0;32m  OK  [0m] Created slice System Slice.
[[0;32m  OK  [0m] Listening on /dev/initctl Compatibility Named Pipe.
[[0;32m  OK  [0m] Listening on udev Kernel Socket.
[[0;32m  OK  [0m] Listening on LVM2 poll daemon socket.
[[0;32m  OK  [0m] Listening on Device-mapper event daemon FIFOs.
[[0;32m  OK  [0m] Listening on udev Control Socket.
[[0;32m  OK  [0m] Listening on fsck to fsckd communication Socket.
[[0;32m  OK  [0m] Listening on Journal Audit Socket.
[[0;32m  OK  [0m] Listening on Journal Socket.
         Mounting Kernel Debug File System...
         Starting File System Check on Root Device...
         Mounting POSIX Message Queue File System...
         Starting Set the console keyboard layout...
         Starting Load Kernel Modules...
         Starting udev Coldplug all Devices...
[[0;32m  OK  [0m] Listening on Journal Socket (/dev/log).
         Starting Create list of required stâ€¦ce nodes for the current kernel...
         Mounting Huge Pages File System...
[[0;32m  OK  [0m] Listening on LVM2 metadata daemon socket.
         Starting Monitoring of LVM2 mirrorsâ€¦ng dmeventd or progress polling...
[[0;32m  OK  [0m] Listening on Network Service Netlink Socket.
[[0;32m  OK  [0m] Created slice system-serial\x2dgetty.slice.
[[0;32m  OK  [0m] Listening on Syslog Socket.
         Starting Uncomplicated firewall...
[   11.417743] Loading iSCSI transport class v2.0-870.
         Starting Journal Service...
[[0;32m  OK  [0m] Reached target User and Group Name Lookups.
[[0;32m  OK  [0m] Set up automount Arbitrary Executabâ€¦rmats File System Automount Point.
[   11.530151] iscsi: registered transport (tcp)
[[0;32m  OK  [0m] Reached target Slices.
[[0;32m  OK  [0m] Mounted Kernel Debug File System.
[[0;32m  OK  [0m] Started File System Check on Root Device.
[[0;32m  OK  [0m] Mounted POSIX Message Queue File System.
[[0;32m  OK  [0m] Started Create list of required staâ€¦vice nodes for the current kernel.
[[0;32m  OK  [0m] Mounted Huge Pages File System.
[[0;32m  OK  [0m] Started Uncomplicated firewall.
[[0;32m  OK  [0m] Started LVM2 metadata daemon.
[[0;32m  OK  [0m] Started File System Check Daemon to report status.
         Starting Create Static Device Nodes in /dev...
         Starting Remount Root and Kernel File Systems...
[[0;32m  OK  [0m] Started Journal Service.
[[0;32m  OK  [0m] Started Create Static Device Nodes in /dev.
[[0;32m  OK  [0m] Started udev Coldplug all Devices.
[   11.798651] EXT4-fs (sda1): re-mounted. Opts: (null)
[[0;32m  OK  [0m] Started Remount Root and Kernel File Systems.
         [   11.832152] iscsi: registered transport (iser)
Starting Flush Journal to Persistent Storage...
         Starting Load/Save Random Seed...
         Starting udev Kernel Device Manager...
[[0;32m  OK  [0m] Started Load Kernel Modules.
[[0;32m  OK  [0m] Started Monitoring of LVM2 mirrors,â€¦sing dmeventd or progress polling.
         Mounting Kernel Configuration File System...
         Mounting FUSE Control File System...
         Starting Apply Kernel Variables...
[[0;32m  OK  [0m] Mounted Kernel Configuration File System.
[   11.900079] systemd-journald[425]: Received request to flush runtime journal from PID 1
[[0;32m  OK  [0m] Mounted FUSE Control File System.
[[0;32m  OK  [0m] Started Load/Save Random Seed.
[[0;32m  OK  [0m] Started udev Kernel Device Manager.
[[0;32m  OK  [0m] Started Flush Journal to Persistent Storage.
[[0;32m  OK  [0m] Started Apply Kernel Variables.
[[0;32m  OK  [0m] Found device /dev/ttyS0.
[[0;32m  OK  [0m] Listening on Load/Save RF Kill Switch Status /dev/rfkill Watch.
[[0;32m  OK  [0m] Started Set the console keyboard layout.
         Mounting Arbitrary Executable File Formats File System...
[[0;32m  OK  [0m] Started Dispatch Password Requests to Console Directory Watch.
[[0;32m  OK  [0m] Reached target Local Encrypted Volumes.
[[0;32m  OK  [0m] Reached target Local File Systems (Pre).
[[0;32m  OK  [0m] Reached target Local File Systems.
         Starting Commit a transient machine-id on disk...
         Starting ebtables ruleset management...
         Starting Set console font and keymap...
         Starting AppArmor initialization...
         Starting Create Volatile Files and Directories...
         Starting Tell Plymouth To Write Out Runtime Data...
[[0;32m  OK  [0m] Mounted Arbitrary Executable File Formats File System.
[[0;32m  OK  [0m] Started Tell Plymouth To Write Out Runtime Data.
[[0;32m  OK  [0m] Started Create Volatile Files and Directories.
         Starting Update UTMP about System Boot/Shutdown...
[[0;32m  OK  [0m] Started Commit a transient machine-id on disk.
[[0;32m  OK  [0m] Started Update UTMP about System Boot/Shutdown.
[[0;32m  OK  [0m] Started ebtables ruleset management.
[[0;32m  OK  [0m] Started AppArmor initialization.
         Starting Initial cloud-init job (pre-networking)...
         Starting Load AppArmor profiles managed internally by snapd...
[[0;32m  OK  [0m] Started Load AppArmor profiles managed internally by snapd.
[[0;32m  OK  [0m] Started Set console font and keymap.
[   18.570236] cloud-init[771]: Cloud-init v. 23.1.2-0ubuntu0~18.04.1 running 'init-local' at Sat, 22 Jul 2023 06:53:21 +0000. Up 17.78 seconds.
[[0;32m  OK  [0m] Started Initial cloud-init job (pre-networking).
[[0;32m  OK  [0m] Reached target Network (Pre).
         Starting Network Service...
[[0;32m  OK  [0m] Started Network Service.
         Starting Network Name Resolution...
         Starting Wait for Network to be Configured...
[[0;32m  OK  [0m] Started Network Name Resolution.
[[0;32m  OK  [0m] Reached target Host and Network Name Lookups.
[[0;32m  OK  [0m] Reached target Network.
[[0;32m  OK  [0m] Started Wait for Network to be Configured.
         Starting Initial cloud-init job (metadata service crawler)...
[   21.899421] cloud-init[928]: Cloud-init v. 23.1.2-0ubuntu0~18.04.1 running 'init' at Sat, 22 Jul 2023 06:53:25 +0000. Up 21.57 seconds.
[   21.913442] cloud-init[928]: ci-info: ++++++++++++++++++++++++++++++++++++++Net device info+++++++++++++++++++++++++++++++++++++++
[   21.921829] cloud-init[928]: ci-info: +--------+-------+----------------------------+---------------+--------+-------------------+
[   21.930478] cloud-init[928]: ci-info: | Device |   Up  |          Address           |      Mask     | Scope  |     Hw-Address    |
[   21.942785] cloud-init[928]: ci-info: +--------+-------+----------------------------+---------------+--------+-------------------+
[   21.955182] cloud-init[928]: ci-info: | enp0s3 |  True |         10.0.2.15          | 255.255.255.0 | global | 02:3b:7b:b7:3b:2d |
[   21.965418] cloud-init[928]: ci-info: | enp0s3 |  True | fe80::3b:7bff:feb7:3b2d/64 |       .       |  link  | 02:3b:7b:b7:3b:2d |
[   21.978375] cloud-init[928]: ci-info: | enp0s8 | False |             .              |       .       |   .    | 08:00:27:a0:81:42 |
[   21.992002] cloud-init[928]: ci-info: |   lo   |  True |         127.0.0.1          |   255.0.0.0   |  host  |         .         |
[   21.998997] cloud-init[928]: ci-info: |   lo   |  True |          ::1/128           |       .       |  host  |         .         |
[   22.006730] cloud-init[928]: ci-info: +--------+-------+----------------------------+---------------+--------+-------------------+
[   22.017538] cloud-init[928]: ci-info: ++++++++++++++++++++++++++++Route IPv4 info+++++++++++++++++++++++++++++
[   22.030512] cloud-init[928]: ci-info: +-------+-------------+----------+-----------------+-----------+-------+
[   22.043494] cloud-init[928]: ci-info: | Route | Destination | Gateway  |     Genmask     | Interface | Flags |
[   22.054568] cloud-init[928]: ci-info: +-------+-------------+----------+-----------------+-----------+-------+
[   22.063948] cloud-init[928]: ci-info: |   0   |   0.0.0.0   | 10.0.2.2 |     0.0.0.0     |   enp0s3  |   UG  |
[   22.073702] cloud-init[928]: ci-info: |   1   |   10.0.2.0  | 0.0.0.0  |  255.255.255.0  |   enp0s3  |   U   |
[   22.085722] cloud-init[928]: ci-info: |   2   |   10.0.2.2  | 0.0.0.0  | 255.255.255.255 |   enp0s3  |   UH  |
[   22.099399] cloud-init[928]: ci-info: +-------+-------------+----------+-----------------+-----------+-------+
[   22.108809] cloud-init[928]: ci-info: +++++++++++++++++++Route IPv6 info+++++++++++++++++++
[   22.119381] cloud-init[928]: ci-info: +-------+-------------+---------+-----------+-------+
[   22.130967] cloud-init[928]: ci-info: | Route | Destination | Gateway | Interface | Flags |
[   22.140803] cloud-init[928]: ci-info: +-------+-------------+---------+-----------+-------+
[   22.148720] cloud-init[928]: ci-info: |   1   |  fe80::/64  |    ::   |   enp0s3  |   U   |
[   22.157241] cloud-init[928]: ci-info: |   3   |    local    |    ::   |   enp0s3  |   U   |
[   22.167445] cloud-init[928]: ci-info: |   4   |   ff00::/8  |    ::   |   enp0s3  |   U   |
[   22.178079] cloud-init[928]: ci-info: +-------+-------------+---------+-----------+-------+
[   25.860882] cloud-init[928]: Generating public/private rsa key pair.
[   25.864771] cloud-init[928]: Your identification has been saved in /etc/ssh/ssh_host_rsa_key.
[   25.869943] cloud-init[928]: Your public key has been saved in /etc/ssh/ssh_host_rsa_key.pub.
[   25.875660] cloud-init[928]: The key fingerprint is:
[   25.879083] cloud-init[928]: SHA256:s8zBXM5xBUJIUPVbm1+cdZlXEf64LJBO7RvFW/32uiE root@ubuntu-bionic
[   25.884830] cloud-init[928]: The key's randomart image is:
[   25.889299] cloud-init[928]: +---[RSA 2048]----+
[   25.893014] cloud-init[928]: |      .+o++ ...o+|
[   25.895263] cloud-init[928]: |        .  o .. +|
[   25.897416] cloud-init[928]: |          o o .++|
[   25.899731] cloud-init[928]: |       o + = + =B|
[   25.902922] cloud-init[928]: |        S * o *.*|
[   25.905402] cloud-init[928]: |       o * o o =o|
[   25.909324] cloud-init[928]: |        + . E = +|
[   25.913334] cloud-init[928]: |             = o.|
[   25.915766] cloud-init[928]: |            . oo.|
[   25.934649] cloud-init[928]: +----[SHA256]-----+
[   25.955157] cloud-init[928]: Generating public/private dsa key pair.
[   25.962103] cloud-init[928]: Your identification has been saved in /etc/ssh/ssh_host_dsa_key.
[   25.970531] cloud-init[928]: Your public key has been saved in /etc/ssh/ssh_host_dsa_key.pub.
[   25.977723] cloud-init[928]: The key fingerprint is:
[[0;32m  OK  [0m] Started Initial cloud-init job (metadata service crawler).
[   25.999556] [[0;32m  OK  [0m] Reached target System Initialization.
[[0;32m  OK  [0m] Started Daily apt download activities.
cloud-init[[0;32m  OK  [0m] Started ACPI Events Check.
[[0;32m  OK  [0m] Listening on D-Bus System Message Bus Socket.
[[0;32m  OK  [0m] Started Discard unused blocks once a week.
[[0;32m  OK  [0m] Started Daily apt upgrade and clean activities.
[[0;32m  OK  [0m] Started Daily Cleanup of Temporary Directories.
[[0;32m  OK  [0m] Started Message of the Day.
[[0;32m  OK  [0m] Reached target Paths.
[[0;32m  OK  [0m] Listening on ACPID Listen Socket.
[[0;32m  OK  [0m] Listening on cloud-init hotplug hook socket.
         Starting Socket activation for snappy daemon.
[[0;32m  OK  [0m] Listening on UUID daemon activation socket.
[[0;32m  OK  [0m] Started Ubuntu Advantage Timer for running repeated jobs.
         Starting LXD - unix socket.
[[0;32m  OK  [0m] Reached target Timers.
[[0;32m  OK  [0m] Listening on Open-iSCSI iscsid Socket.
[[0;32m  OK  [0m] Reached target Cloud-config availability.
[[0;32m  OK  [0m] Reached target Network is Online.
[[0;32m  OK  [0m] Reached target Remote File Systems (Pre).
[[0;32m  OK  [0m] Reached target Remote File Systems.
         Starting Availability of block devices...
[[0;32m  OK  [0m] Listening on Socket activation for snappy daemon.
[[0;32m  OK  [0m] Listening on LXD - unix socket.
[[0;32m  OK  [0m] Reached target Sockets.
[[0;32m  OK  [0m] Reached target Basic System.
[[0;32m  OK  [0m] Started Regular background program processing daemon.
         Starting LSB: automatic crash report generation...
         Starting Accounts Service...
         Starting LXD - container startup/shutdown...
[928]: [[0;32m  OK  [0m] Started D-Bus System Message Bus.
SHA256:p0Vf2OMNHE86rq0WviAbxteVP96gSp91Iial8To86ss root@ubuntu-bionic
[   26.142951] cloud-init[928]: The key's randomart image is:
[   26.166249] cloud-init[928]: +---[DSA 1024]----+
[   26.178566] cloud-init[928]: |              . .|
[   26.183306] cloud-init[928]: |             + = |
[   26.193886] cloud-init[928]: |          . . O .|
[   26.208378] cloud-init[928]: |         . . + * |
[   26.217872] cloud-init[928]: |        S + o = .|
[   26.230680] cloud-init[928]: |       . + *.+ . |
[   26.238435] cloud-init[928]: |        *.*.*.=.o|
[   26.245617] cloud-init[928]: |       o *+*o*.+o|
[   26.253550] cloud-init[928]: |       .Eoo=*. ..|
[   26.266638] cloud-init[928]: +----[SHA256]-----+
[   26.279250] cloud-init[928]: Generating public/private ecdsa key pair.
[   26.292325] cloud-init[928]: Your identification has been saved in /etc/ssh/ssh_host_ecdsa_key.
[   26.301237] cloud-init[928]: Your public key has been saved in /etc/ssh/ssh_host_ecdsa_key.pub.
[   26.311693] cloud-init[928]: The key fingerprint is:
[   26.316772] cloud-init[928]: SHA256:s5e/pUBhB6zEj8iGyIIlMcckUTVfanKl51ls0nEqhak root@ubuntu-bionic         Starting Virtualbox guest utils...

         [   26.353964] Starting Login Service...
[[0;32m  OK  [0m] Started FUSE filesystem for LXC.cloud-init[928]: 
[[0;32m  OK  [0m] Started Deferred execution scheduler.
         Starting System Logging Service...
The key's randomart image is:
         Starting Permit User Sessions...
[   26.423608] cloud-init[928]: +---[ECDSA 256]---+
[   26.446175] cloud-init[928]: |=*+.o  .o++ .    |
[   26.460682] cloud-init[928]: |.+o  o ==+.=     |
[   26.474581] cloud-init[928]: |.+ ..o*+++O .    |
[   26.483379] cloud-init[928]: |o o .+EooB.o     |
[   26.489570] cloud-init[928]: | .   .  S .      |
[   26.495658] cloud-init[928]: |         + .     |
[   26.505688] cloud-init[928]: |        . +   .  |
[   26.512120] cloud-init[928]: |         . o o   |
[   26.519527] cloud-init[928]: |            +.   |
[   26.526793] cloud-init[928]: +----[SHA256]-----+
[   26.531848] cloud-init[928]: Generating public/private ed25519 key pair.
[   26.542834] cloud-init[928]: Your identification has been saved in /etc/ssh/ssh_host_ed25519_key.
[   26.555505] cloud-init[928]: Your public key has been saved in /etc/ssh/ssh_host_ed25519_key.pub.         Starting Snap Daemon...

[   26.581351] cloud-init[928]: The key fingerprint is:
[   26.586682] cloud-init[928]: SHA256:snU5qFONWIyOsIW9ZDjVxrEq4gBolv0IgnmetqlVyRI root@ubuntu-bionic
[   26.595045] cloud-init[928]: The key's randomart image is:
[   26.599975] cloud-init[928]: +--[ED25519 256]--+
[   26.608716] cloud-init[928]: |    .o..         |
[   26.614277] cloud-init[928]: |o.o=  ++         |
[   26.619862] cloud-init[928]: |*=E.=.o o        |
[   26.628856] cloud-init[928]: |=o.@o* o + .     |
[   26.633569] cloud-init[928]: |o B.B.+ S =      |
[   26.638603] cloud-init[928]: |oo *   * . .     |
[   26.646290] cloud-init[928]: | .+   +          |
[   26.657994] cloud-init[928]: | o     .         |
[   26.664003] cloud-init[928]: |.                |
[   26.669386] cloud-init[928]: +----[SHA256]-----+
         Starting Dispatcher daemon for systemd-networkd...
[[0;32m  OK  [0m] Started irqbalance daemon.
         Starting LSB: Record successful boot for GRUB...
         Starting Pollinate to seed the pseudo random number generator...
[[0;32m  OK  [0m] Reached target Login Prompts (Pre).
[[0;32m  OK  [0m] Started System Logging Service.
[[0;32m  OK  [0m] Started Availability of block devices.
[[0;32m  OK  [0m] Started LXD - container startup/shutdown.
[[0;32m  OK  [0m] Started Permit User Sessions.
[[0;32m  OK  [0m] Started Login Service.
[[0;32m  OK  [0m] Started Unattended Upgrades Shutdown.
         Starting Authorization Manager...
         Starting Hold until boot process finishes up...
         Starting Terminate Plymouth Boot Screen...
[[0;32m  OK  [0m] Started Hold until boot process finishes up.
[[0;32m  OK  [0m] Started Terminate Plymouth Boot Screen.
         Starting Set console scheme...
[[0;32m  OK  [0m] Started Serial Getty on ttyS0.
[[0;32m  OK  [0m] Started LSB: automatic crash report generation.
[[0;32m  OK  [0m] Started Set console scheme.
[[0;32m  OK  [0m] Created slice system-getty.slice.
[[0;32m  OK  [0m] Started Getty on tty1.
[[0;32m  OK  [0m] Reached target Login Prompts.
[[0;32m  OK  [0m] Started Authorization Manager.
[[0;32m  OK  [0m] Started Accounts Service.
[[0;32m  OK  [0m] Started Virtualbox guest utils.
[[0;32m  OK  [0m] Started LSB: Record successful boot for GRUB.
[[0;32m  OK  [0m] Started Dispatcher daemon for systemd-networkd.
[[0;32m  OK  [0m] Started Snap Daemon.
         Starting Wait until snapd is fully seeded...
         Starting Time & Date Service...
[[0;32m  OK  [0m] Started Time & Date Service.
[[0;32m  OK  [0m] Started Pollinate to seed the pseudo random number generator.
         Starting OpenBSD Secure Shell server...
[[0;32m  OK  [0m] Started OpenBSD Secure Shell server.
[[0;32m  OK  [0m] Created slice User Slice of vagrant.
         Starting User Manager for UID 1000...
[[0;32m  OK  [0m] Started Session 1 of user vagrant.
[[0;32m  OK  [0m] Started User Manager for UID 1000.

Ubuntu 18.04.6 LTS ubuntu-bionic ttyS0

ubuntu-bionic login: [   35.147127] cloud-init[1511]: Cloud-init v. 23.1.2-0ubuntu0~18.04.1 running 'modules:config' at Sat, 22 Jul 2023 06:53:38 +0000. Up 34.48 seconds.
ci-info: no authorized SSH keys fingerprints found for user ubuntu.
<14>Jul 22 06:53:40 cloud-init: #############################################################
<14>Jul 22 06:53:40 cloud-init: -----BEGIN SSH HOST KEY FINGERPRINTS-----
<14>Jul 22 06:53:40 cloud-init: 1024 SHA256:p0Vf2OMNHE86rq0WviAbxteVP96gSp91Iial8To86ss root@ubuntu-bionic (DSA)
<14>Jul 22 06:53:40 cloud-init: 256 SHA256:s5e/pUBhB6zEj8iGyIIlMcckUTVfanKl51ls0nEqhak root@ubuntu-bionic (ECDSA)
<14>Jul 22 06:53:40 cloud-init: 256 SHA256:snU5qFONWIyOsIW9ZDjVxrEq4gBolv0IgnmetqlVyRI root@ubuntu-bionic (ED25519)
<14>Jul 22 06:53:40 cloud-init: 2048 SHA256:s8zBXM5xBUJIUPVbm1+cdZlXEf64LJBO7RvFW/32uiE root@ubuntu-bionic (RSA)
<14>Jul 22 06:53:40 cloud-init: -----END SSH HOST KEY FINGERPRINTS-----
<14>Jul 22 06:53:40 cloud-init: #############################################################
-----BEGIN SSH HOST KEY KEYS-----
ecdsa-sha2-nistp256 AAAAE2VjZHNhLXNoYTItbmlzdHAyNTYAAAAIbmlzdHAyNTYAAABBBLPZodxHZJPiwIVtCY/00OlU1xFYkwMArvjNBEKlwHJ6gaUASjOHSZu0z7/SAYSotKswejC2bFUAd/Ye4H98sDA= root@ubuntu-bionic
ssh-ed25519 AAAAC3NzaC1lZDI1NTE5AAAAIEbVXBQUT1Yl+TlhuYriei9EFB1gcbRGV9dUrIkFY6tZ root@ubuntu-bionic
ssh-rsa AAAAB3NzaC1yc2EAAAADAQABAAABAQC57fSQ/zK/oz8pxliAmQuzqwmnLrkswvEGTO7f89mIiQoefg+q7HjfiauzdaTgZimS1W7cktjGA/ICFrpKEy1G7JFL+OhPSWXt9Og6bRAigka8cGWwQCD5QTOFw6j0oWaq5NhT/2UWB1jY89pSnBxYgPNh6nKbvBuMe2z+/GvLh0lpNJHZzI7uG+ADo+Ux8hKQ/oEZ9KxQI0xLDEWpcYFiR9Md5b34+iF1P936M/1ZQJXyZay4rJTshxWVeMn7uZmDkDghIRo0SOIzbyYm94/KkrFD8C8zfrRLulgA+M6hWLCFpzQRV1NvoXihl1AvYAtCwt9JrRfnLt2n9KZgWD63 root@ubuntu-bionic
-----END SSH HOST KEY KEYS-----
[   36.335234] cloud-init[1614]: Cloud-init v. 23.1.2-0ubuntu0~18.04.1 running 'modules:final' at Sat, 22 Jul 2023 06:53:39 +0000. Up 35.91 seconds.
[   36.335838] cloud-init[1614]: Cloud-init v. 23.1.2-0ubuntu0~18.04.1 finished at Sat, 22 Jul 2023 06:53:40 +0000. Datasource DataSourceNoCloud [seed=/dev/sdb][dsmode=net].  Up 36.31 seconds
[[0;32m  OK  [0m] Stopped Unattended Upgrades Shutdown.
[[0;32m  OK  [0m] Stopped target Timers.
[[0;32m  OK  [0m] Stopped Daily apt upgrade and clean activities.
         Stopping Authorization Manager...
[[0;32m  OK  [0m] Stopped target Host and Network Name Lookups.
[[0;32m  OK  [0m] Stopped Message of the Day.
[[0;32m  OK  [0m] Closed Load/Save RF Kill Switch Status /dev/rfkill Watch.
[[0;32m  OK  [0m] Stopped target Cloud-init target.
[[0;32m  OK  [0m] Stopped Execute cloud user/final scripts.
[[0;32m  OK  [0m] Stopped Apply the settings specified in cloud-config.
         Stopping Session 14 of user vagrant.
         Stopping Availability of block devices...
[[0;32m  OK  [0m] Stopped Ubuntu Advantage Timer for running repeated jobs.
         Stopping User Manager for UID 1000...
[[0;32m  OK  [0m] Stopped Discard unused blocks once a week.
[[0;32m  OK  [0m] Stopped target Cloud-config availability.
[[0;32m  OK  [0m] Stopped Daily apt download activities.
[[0;32m  OK  [0m] Stopped target System Time Synchronized.
[[0;32m  OK  [0m] Stopped target Graphical Interface.
[[0;32m  OK  [0m] Stopped target Multi-User System.
         Stopping OpenBSD Secure Shell server...
         Stopping A high performance web server and a reverse proxy server...
[[0;32m  OK  [0m] Stopped Wait until snapd is fully seeded.
         Stopping System Logging Service...
         Stopping Deferred execution scheduler...
         Stopping irqbalance daemon...
         Stopping Virtualbox guest utils...
         Stopping D-Bus System Message Bus...
         Stopping FUSE filesystem for LXC...
         Stopping LXD - container startup/shutdown...
         Stopping Regular background program processing daemon...
         Stopping Accounts Service...
         Stopping LSB: automatic crash report generation...
         Stopping LSB: Record successful boot for GRUB...
         Stopping Dispatcher daemon for systemd-networkd...
[[0;32m  OK  [0m] Stopped target Login Prompts.
         Stopping Serial Getty on ttyS0...
         Stopping Getty on tty1...
[[0;32m  OK  [0m] Stopped Daily Cleanup of Temporary Directories.
[[0;32m  OK  [0m] Stopped Regular background program processing daemon.
[[0;32m  OK  [0m] Stopped Deferred execution scheduler.
[[0;32m  OK  [0m] Unmounted /var/lib/lxcfs.
[[0;32m  OK  [0m] Stopped Accounts Service.
[[0;32m  OK  [0m] Stopped Dispatcher daemon for systemd-networkd.
[[0;32m  OK  [0m] Stopped irqbalance daemon.
[[0;32m  OK  [0m] Stopped System Logging Service.
[[0;32m  OK  [0m] Stopped Authorization Manager.
[[0;32m  OK  [0m] Stopped Serial Getty on ttyS0.
[[0;32m  OK  [0m] Stopped Getty on tty1.
[[0;32m  OK  [0m] Stopped OpenBSD Secure Shell server.
[[0;32m  OK  [0m] Stopped User Manager for UID 1000.
[[0;32m  OK  [0m] Stopped Availability of block devices.
[[0;32m  OK  [0m] Stopped A high performance web server and a reverse proxy server.
[[0;32m  OK  [0m] Stopped D-Bus System Message Bus.
[[0;32m  OK  [0m] Stopped FUSE filesystem for LXC.
[[0;32m  OK  [0m] Stopped Session 14 of user vagrant.
[[0;32m  OK  [0m] Removed slice User Slice of vagrant.
         Stopping Login Service...
[[0;32m  OK  [0m] Removed slice system-getty.slice.
         Stopping Permit User Sessions...
[[0;32m  OK  [0m] Removed slice system-serial\x2dgetty.slice.
[[0;32m  OK  [0m] Stopped target Login Prompts (Pre).
[[0;32m  OK  [0m] Stopped LXD - container startup/shutdown.
[[0;32m  OK  [0m] Stopped LSB: automatic crash report generation.
[[0;32m  OK  [0m] Stopped LSB: Record successful boot for GRUB.
[[0;32m  OK  [0m] Stopped Permit User Sessions.
[[0;32m  OK  [0m] Stopped Login Service.
[[0;32m  OK  [0m] Stopped Virtualbox guest utils.
[[0;32m  OK  [0m] Stopped target User and Group Name Lookups.
[[0;32m  OK  [0m] Stopped target Remote File Systems.
         Unmounting /vagrant...
[[0;32m  OK  [0m] Stopped target Basic System.
[[0;32m  OK  [0m] Stopped target Sockets.
[[0;32m  OK  [0m] Closed UUID daemon activation socket.
[[0;32m  OK  [0m] Closed Socket activation for snappy daemon.
[[0;32m  OK  [0m] Closed Syslog Socket.
[[0;32m  OK  [0m] Closed Open-iSCSI iscsid Socket.
[[0;32m  OK  [0m] Closed ACPID Listen Socket.
[[0;32m  OK  [0m] Closed cloud-init hotplug hook socket.
[[0;32m  OK  [0m] Closed D-Bus System Message Bus Socket.
[[0;32m  OK  [0m] Stopped target Slices.
[[0;32m  OK  [0m] Removed slice User and Session Slice.
[[0;32m  OK  [0m] Stopped target Paths.
[[0;32m  OK  [0m] Stopped ACPI Events Check.
[[0;32m  OK  [0m] Closed LXD - unix socket.
[[0;32m  OK  [0m] Stopped target System Initialization.
[[0;32m  OK  [0m] Stopped target Local Encrypted Volumes.
[[0;32m  OK  [0m] Stopped Forward Password Requests to Wall Directory Watch.
[[0;32m  OK  [0m] Stopped Dispatch Password Requests to Console Directory Watch.
         Stopping Update UTMP about System Boot/Shutdown...
         Stopping Load/Save Random Seed...
[[0;32m  OK  [0m] Stopped Commit a transient machine-id on disk.
[[0;32m  OK  [0m] Unmounted /vagrant.
[[0;32m  OK  [0m] Stopped target Remote File Systems (Pre).
[[0;32m  OK  [0m] Stopped target Network is Online.
[[0;32m  OK  [0m] Stopped Initial cloud-init job (metadata service crawler).
[[0;32m  OK  [0m] Stopped target Network.
         Stopping Network Name Resolution...
[[0;32m  OK  [0m] Stopped Load/Save Random Seed.
[[0;32m  OK  [0m] Stopped Update UTMP about System Boot/Shutdown.
[[0;32m  OK  [0m] Stopped Network Name Resolution.
[[0;32m  OK  [0m] Stopped Create Volatile Files and Directories.
[[0;32m  OK  [0m] Stopped target Local File Systems.
         Unmounting /run/user/1000...
[[0;32m  OK  [0m] Stopped target Mounted snaps.
[[0;32m  OK  [0m] Stopped target Mounting snaps.
         Stopping Network Service...
[[0;32m  OK  [0m] Unmounted /run/user/1000.
[[0;32m  OK  [0m] Reached target Unmount All Filesystems.
[[0;32m  OK  [0m] Stopped target Swap.
[[0;32m  OK  [0m] Stopped target Local File Systems (Pre).
         Stopping Monitoring of LVM2 mirrorsâ€¦ng dmeventd or progress polling...
[[0;32m  OK  [0m] Stopped Create Static Device Nodes in /dev.
[[0;32m  OK  [0m] Stopped Monitoring of LVM2 mirrors,â€¦sing dmeventd or progress polling.
[[0;32m  OK  [0m] Stopped Network Service.
[[0;32m  OK  [0m] Stopped target Network (Pre).
[[0;32m  OK  [0m] Stopped Initial cloud-init job (pre-networking).
[[0;32m  OK  [0m] Stopped Remount Root and Kernel File Systems.
[[0;32m  OK  [0m] Stopped Apply Kernel Variables.
[[0;32m  OK  [0m] Stopped Load Kernel Modules.
[[0;32m  OK  [0m] Reached target Shutdown.
[[0;32m  OK  [0m] Reached target Final Step.
         Starting Power-Off...
         Stopping LVM2 metadata daemon...
[[0;32m  OK  [0m] Stopped LVM2 metadata daemon.
[20993.591520] reboot: Power down
